DEBUG:root:Add numbers 18, 27 is equal to 45
2021-02-28 19:20:27,031:DEBUGAdd numbers 18, 27 is equal to 45
2021-02-28 19:20:54,885:DEBUG Add numbers 18, 27 is equal to 45
